SETTINGS
	M:10
	N:10
	K:3

GAME 1:
	turn: 1
	Player: X
	Location: 2,1

	turn: 2
	Player: O
	Location: 0,0

	turn: 3
	Player: X
	Location: 2,0

	turn: 4
	Player: O
	Location: 2,2

	turn: 5
	Player: X
	Location: 1,1

	turn: 6
	Player: O
	Location: 0,1

	turn: 7
	Player: X
	Location: 0,2

	turn: 8
	Player: O
	Location: 2,3

	turn: 9
	Player: X
	Location: 1,3

	turn: 10
	Player: O
	Location: 1,2

	turn: 11
	Player: X
	Location: 1,0

	turn: 12
	Player: O
	Location: 3,0

	turn: 13
	Player: X
	Location: 3,1

	turn: 14
	Player: O
	Location: 3,2

	turn: 15
	Player: X
	Location: 0,2

	turn: 16
	Player: O
	Location: 3,3

GAME 2:
	turn: 1
	Player: X
	Location: 2,0

	turn: 2
	Player: O
	Location: 2,2

	turn: 3
	Player: X
	Location: 1,1

	turn: 4
	Player: O
	Location: 0,1

	turn: 5
	Player: X
	Location: 0,2

	turn: 6
	Player: O
	Location: 2,3

	turn: 7
	Player: X
	Location: 1,3

	turn: 8
	Player: O
	Location: 1,2

	turn: 9
	Player: X
	Location: 1,0

	turn: 10
	Player: O
	Location: 3,0

	turn: 11
	Player: X
	Location: 3,1

	turn: 12
	Player: O
	Location: 3,2

	turn: 13
	Player: X
	Location: 0,2

	turn: 14
	Player: O
	Location: 3,3

